// Jest Snapshot v1, https://goo.gl/fbAQLP

exports[`Fetch achievements data from API 1`] = `
<DocumentFragment>
  <h3>
    Achievements
  </h3>
  <div
    class="d-flex w-100 mt-4"
  >
    <div
      class="divider flex-fill mr-2"
    />
  </div>
  <div
    class="d-flex mt-3"
  >
    <div
      class="mr-3"
    >
      <img
        alt="bir"
        src="https://cdn.gamerone.gg/128/badges/placeholder.svg"
        title="bir"
      />
    </div>
    <div
      class="mr-auto"
    >
      <div
        class="mr-auto"
      >
        <div
          class="title"
        >
          bir
        </div>
        <div
          class="sub-title"
        >
          cds
        </div>
      </div>
    </div>
  </div>
  <div
    class="d-flex w-100 mt-4"
  >
    <div
      class="divider flex-fill mr-2"
    />
  </div>
  <div
    class="d-flex mt-3"
  >
    <div
      class="mr-3"
    >
      <img
        alt="iki"
        src="https://cdn.gamerone.gg/128/badges/placeholder.svg"
        title="iki"
      />
    </div>
    <div
      class="mr-auto"
    >
      <div
        class="mr-auto"
      >
        <div
          class="title"
        >
          iki
        </div>
        <div
          class="sub-title"
        >
          fgergfwegwergewrgwe
        </div>
      </div>
    </div>
  </div>
</DocumentFragment>
`;
